2026-05-24 13:16:01  INFO - Starting CustomerMicroserviceApplication using Java 21.0.11 with PID 465952 (/home/zuzz/Escritorio/proyectos/e-commerce-microservices/microservices/customer-microservice/target/classes started by zuzz in /home/zuzz/Escritorio/proyectos/e-commerce-microservices/microservices/customer-microservice)
2026-05-24 13:16:01  INFO - No active profile set, falling back to 1 default profile: "default"
2026-05-24 13:16:01  INFO - Fetching config from server at : http://localhost:8888
2026-05-24 13:16:01  INFO - Located environment: name=customer-microservice, profiles=[default], label=null, version=null, state=null
2026-05-24 13:16:02  INFO - Bootstrapping Spring Data MongoDB repositories in DEFAULT mode.
2026-05-24 13:16:02  INFO - Finished Spring Data repository scanning in 84 ms. Found 1 MongoDB repository interface.
2026-05-24 13:16:02  INFO - BeanFactory id=e97176d2-72f4-307a-a1ba-9e1bb93ad044
2026-05-24 13:16:02  INFO - Tomcat initialized with port 8091 (http)
2026-05-24 13:16:02  INFO - Starting service [Tomcat]
2026-05-24 13:16:02  INFO - Starting Servlet engine: [Apache Tomcat/10.1.54]
2026-05-24 13:16:02  INFO - Initializing Spring embedded WebApplicationContext
2026-05-24 13:16:02  INFO - Root WebApplicationContext: initialization completed in 906 ms
2026-05-24 13:16:02  INFO - MongoClient with metadata {"driver": {"name": "mongo-java-driver|sync|spring-boot", "version": "5.5.2"}, "os": {"type": "Linux", "name": "Linux", "architecture": "amd64", "version": "7.0.9-205.fc44.x86_64"}, "platform": "Java/Eclipse Adoptium/21.0.11+10-LTS"} created with settings MongoClientSettings{readPreference=primary, writeConcern=WriteConcern{w=null, wTimeout=null ms, journal=null}, retryWrites=true, retryReads=true, readConcern=ReadConcern{level=null}, credential=MongoCredential{mechanism=null, userName='root', source='admin', password=<hidden>, mechanismProperties=<hidden>}, transportSettings=null, commandListeners=[], codecRegistry=ProvidersCodecRegistry{codecProviders=[ValueCodecProvider{}, BsonValueCodecProvider{}, DBRefCodecProvider{}, DBObjectCodecProvider{}, DocumentCodecProvider{}, CollectionCodecProvider{}, IterableCodecProvider{}, MapCodecProvider{}, GeoJsonCodecProvider{}, GridFSFileCodecProvider{}, Jsr310CodecProvider{}, JsonObjectCodecProvider{}, BsonCodecProvider{}, EnumCodecProvider{}, com.mongodb.client.model.mql.ExpressionCodecProvider@38a38ed4, com.mongodb.Jep395RecordCodecProvider@1e29a81a, com.mongodb.KotlinCodecProvider@7b4b8199]}, loggerSettings=LoggerSettings{maxDocumentLength=1000}, clusterSettings={hosts=[localhost:27017], srvServiceName=mongodb, mode=SINGLE, requiredClusterType=UNKNOWN, requiredReplicaSetName='null', serverSelector='null', clusterListeners='[]', serverSelectionTimeout='30000 ms', localThreshold='15 ms'}, socketSettings=SocketSettings{connectTimeoutMS=10000, readTimeoutMS=0, receiveBufferSize=0, proxySettings=ProxySettings{host=null, port=null, username=null, password=null}}, heartbeatSocketSettings=SocketSettings{connectTimeoutMS=10000, readTimeoutMS=10000, receiveBufferSize=0, proxySettings=ProxySettings{host=null, port=null, username=null, password=null}}, connectionPoolSettings=ConnectionPoolSettings{maxSize=100, minSize=0, maxWaitTimeMS=120000, maxConnectionLifeTimeMS=0, maxConnectionIdleTimeMS=0, maintenanceInitialDelayMS=0, maintenanceFrequencyMS=60000, connectionPoolListeners=[], maxConnecting=2}, serverSettings=ServerSettings{heartbeatFrequencyMS=10000, minHeartbeatFrequencyMS=500, serverMonitoringMode=AUTO, serverListeners='[]', serverMonitorListeners='[]'}, sslSettings=SslSettings{enabled=false, invalidHostNameAllowed=false, context=null}, applicationName='null', compressorList=[], uuidRepresentation=JAVA_LEGACY, serverApi=null, autoEncryptionSettings=null, dnsClient=null, inetAddressResolver=null, contextProvider=null, timeoutMS=null}
2026-05-24 13:16:02  INFO - Monitor thread successfully connected to server with description ServerDescription{address=localhost:27017, type=STANDALONE, cryptd=false, state=CONNECTED, ok=true, minWireVersion=0, maxWireVersion=21, maxDocumentSize=16777216, logicalSessionTimeoutMinutes=30, roundTripTimeNanos=11225844, minRoundTripTimeNanos=0}
2026-05-24 13:16:03  INFO - Eureka HTTP Client uses RestTemplate.
2026-05-24 13:16:03  WARN - Spring Cloud LoadBalancer is currently working with the default cache. While this cache implementation is useful for development and tests, it's recommended to use Caffeine cache in production.You can switch to using Caffeine cache, by adding it and org.springframework.cache.caffeine.CaffeineCacheManager to the classpath.
2026-05-24 13:16:03  INFO - Setting initial instance status as: STARTING
2026-05-24 13:16:03  INFO - Initializing Eureka in region us-east-1
2026-05-24 13:16:03  INFO - Resolving eureka endpoints via configuration
2026-05-24 13:16:03  INFO - Disable delta property : false
2026-05-24 13:16:03  INFO - Single vip registry refresh property : null
2026-05-24 13:16:03  INFO - Force full registry fetch : false
2026-05-24 13:16:03  INFO - Application is null : false
2026-05-24 13:16:03  INFO - Registered Applications size is zero : true
2026-05-24 13:16:03  INFO - Application version is -1: true
2026-05-24 13:16:03  INFO - Getting all instance registry info from the eureka server
2026-05-24 13:16:03  INFO - The response status is 200
2026-05-24 13:16:03  INFO - Starting heartbeat executor: renew interval is: 30
2026-05-24 13:16:03  INFO - InstanceInfoReplicator onDemand update allowed rate per min is 4
2026-05-24 13:16:03  INFO - Discovery Client initialized at timestamp 1779646563519 with initial instances count: 0
2026-05-24 13:16:03  INFO - Registering application CUSTOMER-MICROSERVICE with eureka with status UP
2026-05-24 13:16:03  INFO - Saw local status change event StatusChangeEvent [timestamp=1779646563523, current=UP, previous=STARTING]
2026-05-24 13:16:03  INFO - DiscoveryClient_CUSTOMER-MICROSERVICE/fedora:customer-microservice:8091: registering service...
2026-05-24 13:16:03  INFO - Tomcat started on port 8091 (http) with context path '/'
2026-05-24 13:16:03  INFO - Updating port to 8091
2026-05-24 13:16:03  INFO - Started CustomerMicroserviceApplication in 2.567 seconds (process running for 2.999)
2026-05-24 13:16:03  INFO - DiscoveryClient_CUSTOMER-MICROSERVICE/fedora:customer-microservice:8091 - registration status: 204
2026-05-24 13:16:33  INFO - Disable delta property : false
2026-05-24 13:16:33  INFO - Single vip registry refresh property : null
2026-05-24 13:16:33  INFO - Force full registry fetch : false
2026-05-24 13:16:33  INFO - Application is null : false
2026-05-24 13:16:33  INFO - Registered Applications size is zero : true
2026-05-24 13:16:33  INFO - Application version is -1: false
2026-05-24 13:16:33  INFO - Getting all instance registry info from the eureka server
2026-05-24 13:16:33  INFO - The response status is 200
2026-05-24 13:21:03  INFO - Resolving eureka endpoints via configuration
2026-05-24 13:26:03  INFO - Resolving eureka endpoints via configuration
2026-05-24 13:26:24  INFO - Unregistering application CUSTOMER-MICROSERVICE with eureka with status DOWN
2026-05-24 13:26:24  INFO - Saw local status change event StatusChangeEvent [timestamp=1779647184192, current=DOWN, previous=UP]
2026-05-24 13:26:24  INFO - DiscoveryClient_CUSTOMER-MICROSERVICE/fedora:customer-microservice:8091: registering service...
2026-05-24 13:26:24  INFO - Commencing graceful shutdown. Waiting for active requests to complete
2026-05-24 13:26:24  INFO - Graceful shutdown complete
2026-05-24 13:26:24  INFO - DiscoveryClient_CUSTOMER-MICROSERVICE/fedora:customer-microservice:8091 - registration status: 204
2026-05-24 13:26:24  INFO - Shutting down DiscoveryClient ...
2026-05-24 13:26:27  INFO - Unregistering ...
2026-05-24 13:26:27  INFO - DiscoveryClient_CUSTOMER-MICROSERVICE/fedora:customer-microservice:8091 - deregister  status: 200
2026-05-24 13:26:27  INFO - Completed shut down of DiscoveryClient
2026-05-24 13:32:38 [main]  INFO z.p.e.m.c.CustomerMicroserviceApplication - Starting CustomerMicroserviceApplication using Java 21.0.11 with PID 511480 (/home/zuzz/Escritorio/proyectos/e-commerce-microservices/microservices/customer-microservice/target/classes started by zuzz in /home/zuzz/Escritorio/proyectos/e-commerce-microservices/microservices/customer-microservice)
2026-05-24 13:32:38 [main]  INFO z.p.e.m.c.CustomerMicroserviceApplication - No active profile set, falling back to 1 default profile: "default"
2026-05-24 13:32:38 [main]  INFO o.s.c.c.c.ConfigServerConfigDataLoader - Fetching config from server at : http://localhost:8888
2026-05-24 13:32:38 [main]  INFO o.s.c.c.c.ConfigServerConfigDataLoader - Located environment: name=customer-microservice, profiles=[default], label=null, version=null, state=null
2026-05-24 13:32:38 [main]  INFO o.s.d.r.c.RepositoryConfigurationDelegate - Bootstrapping Spring Data MongoDB repositories in DEFAULT mode.
2026-05-24 13:32:38 [main]  INFO o.s.d.r.c.RepositoryConfigurationDelegate - Finished Spring Data repository scanning in 88 ms. Found 1 MongoDB repository interface.
2026-05-24 13:32:39 [main]  INFO o.s.cloud.context.scope.GenericScope - BeanFactory id=e97176d2-72f4-307a-a1ba-9e1bb93ad044
2026-05-24 13:32:39 [main]  INFO o.s.b.w.e.tomcat.TomcatWebServer - Tomcat initialized with port 8091 (http)
2026-05-24 13:32:39 [main]  INFO o.a.catalina.core.StandardService - Starting service [Tomcat]
2026-05-24 13:32:39 [main]  INFO o.a.catalina.core.StandardEngine - Starting Servlet engine: [Apache Tomcat/10.1.54]
2026-05-24 13:32:39 [main]  INFO o.a.c.c.C.[Tomcat].[localhost].[/] - Initializing Spring embedded WebApplicationContext
2026-05-24 13:32:39 [main]  INFO o.s.b.w.s.c.ServletWebServerApplicationContext - Root WebApplicationContext: initialization completed in 831 ms
2026-05-24 13:32:39 [main]  INFO org.mongodb.driver.client - MongoClient with metadata {"driver": {"name": "mongo-java-driver|sync|spring-boot", "version": "5.5.2"}, "os": {"type": "Linux", "name": "Linux", "architecture": "amd64", "version": "7.0.9-205.fc44.x86_64"}, "platform": "Java/Eclipse Adoptium/21.0.11+10-LTS"} created with settings MongoClientSettings{readPreference=primary, writeConcern=WriteConcern{w=null, wTimeout=null ms, journal=null}, retryWrites=true, retryReads=true, readConcern=ReadConcern{level=null}, credential=MongoCredential{mechanism=null, userName='root', source='admin', password=<hidden>, mechanismProperties=<hidden>}, transportSettings=null, commandListeners=[], codecRegistry=ProvidersCodecRegistry{codecProviders=[ValueCodecProvider{}, BsonValueCodecProvider{}, DBRefCodecProvider{}, DBObjectCodecProvider{}, DocumentCodecProvider{}, CollectionCodecProvider{}, IterableCodecProvider{}, MapCodecProvider{}, GeoJsonCodecProvider{}, GridFSFileCodecProvider{}, Jsr310CodecProvider{}, JsonObjectCodecProvider{}, BsonCodecProvider{}, EnumCodecProvider{}, com.mongodb.client.model.mql.ExpressionCodecProvider@7e2c6fd6, com.mongodb.Jep395RecordCodecProvider@7ff6804a, com.mongodb.KotlinCodecProvider@12aa519b]}, loggerSettings=LoggerSettings{maxDocumentLength=1000}, clusterSettings={hosts=[localhost:27017], srvServiceName=mongodb, mode=SINGLE, requiredClusterType=UNKNOWN, requiredReplicaSetName='null', serverSelector='null', clusterListeners='[]', serverSelectionTimeout='30000 ms', localThreshold='15 ms'}, socketSettings=SocketSettings{connectTimeoutMS=10000, readTimeoutMS=0, receiveBufferSize=0, proxySettings=ProxySettings{host=null, port=null, username=null, password=null}}, heartbeatSocketSettings=SocketSettings{connectTimeoutMS=10000, readTimeoutMS=10000, receiveBufferSize=0, proxySettings=ProxySettings{host=null, port=null, username=null, password=null}}, connectionPoolSettings=ConnectionPoolSettings{maxSize=100, minSize=0, maxWaitTimeMS=120000, maxConnectionLifeTimeMS=0, maxConnectionIdleTimeMS=0, maintenanceInitialDelayMS=0, maintenanceFrequencyMS=60000, connectionPoolListeners=[], maxConnecting=2}, serverSettings=ServerSettings{heartbeatFrequencyMS=10000, minHeartbeatFrequencyMS=500, serverMonitoringMode=AUTO, serverListeners='[]', serverMonitorListeners='[]'}, sslSettings=SslSettings{enabled=false, invalidHostNameAllowed=false, context=null}, applicationName='null', compressorList=[], uuidRepresentation=JAVA_LEGACY, serverApi=null, autoEncryptionSettings=null, dnsClient=null, inetAddressResolver=null, contextProvider=null, timeoutMS=null}
2026-05-24 13:32:39 [cluster-ClusterId{value='6a134447c1f6fe9d797f79ad', description='null'}-localhost:27017]  INFO org.mongodb.driver.cluster - Monitor thread successfully connected to server with description ServerDescription{address=localhost:27017, type=STANDALONE, cryptd=false, state=CONNECTED, ok=true, minWireVersion=0, maxWireVersion=21, maxDocumentSize=16777216, logicalSessionTimeoutMinutes=30, roundTripTimeNanos=10457681, minRoundTripTimeNanos=0}
2026-05-24 13:32:39 [main]  INFO o.s.c.n.e.c.DiscoveryClientOptionalArgsConfiguration - Eureka HTTP Client uses RestTemplate.
2026-05-24 13:32:39 [main]  WARN o.s.c.l.c.LoadBalancerCacheAutoConfiguration$LoadBalancerCaffeineWarnLogger - Spring Cloud LoadBalancer is currently working with the default cache. While this cache implementation is useful for development and tests, it's recommended to use Caffeine cache in production.You can switch to using Caffeine cache, by adding it and org.springframework.cache.caffeine.CaffeineCacheManager to the classpath.
2026-05-24 13:32:40 [main]  INFO o.s.c.n.eureka.InstanceInfoFactory - Setting initial instance status as: STARTING
2026-05-24 13:32:40 [main]  INFO c.netflix.discovery.DiscoveryClient - Initializing Eureka in region us-east-1
2026-05-24 13:32:40 [main]  INFO c.n.d.s.r.aws.ConfigClusterResolver - Resolving eureka endpoints via configuration
2026-05-24 13:32:40 [main]  INFO c.netflix.discovery.DiscoveryClient - Disable delta property : false
2026-05-24 13:32:40 [main]  INFO c.netflix.discovery.DiscoveryClient - Single vip registry refresh property : null
2026-05-24 13:32:40 [main]  INFO c.netflix.discovery.DiscoveryClient - Force full registry fetch : false
2026-05-24 13:32:40 [main]  INFO c.netflix.discovery.DiscoveryClient - Application is null : false
2026-05-24 13:32:40 [main]  INFO c.netflix.discovery.DiscoveryClient - Registered Applications size is zero : true
2026-05-24 13:32:40 [main]  INFO c.netflix.discovery.DiscoveryClient - Application version is -1: true
2026-05-24 13:32:40 [main]  INFO c.netflix.discovery.DiscoveryClient - Getting all instance registry info from the eureka server
2026-05-24 13:32:40 [main]  INFO c.netflix.discovery.DiscoveryClient - The response status is 200
2026-05-24 13:32:40 [main]  INFO c.netflix.discovery.DiscoveryClient - Starting heartbeat executor: renew interval is: 30
2026-05-24 13:32:40 [main]  INFO c.n.discovery.InstanceInfoReplicator - InstanceInfoReplicator onDemand update allowed rate per min is 4
2026-05-24 13:32:40 [main]  INFO c.netflix.discovery.DiscoveryClient - Discovery Client initialized at timestamp 1779647560292 with initial instances count: 0
2026-05-24 13:32:40 [main]  INFO o.s.c.n.e.s.EurekaServiceRegistry - Registering application CUSTOMER-MICROSERVICE with eureka with status UP
2026-05-24 13:32:40 [main]  INFO c.netflix.discovery.DiscoveryClient - Saw local status change event StatusChangeEvent [timestamp=1779647560295, current=UP, previous=STARTING]
2026-05-24 13:32:40 [DiscoveryClient-InstanceInfoReplicator-%d]  INFO c.netflix.discovery.DiscoveryClient - DiscoveryClient_CUSTOMER-MICROSERVICE/fedora:customer-microservice:8091: registering service...
2026-05-24 13:32:40 [main]  INFO o.s.b.w.e.tomcat.TomcatWebServer - Tomcat started on port 8091 (http) with context path '/'
2026-05-24 13:32:40 [main]  INFO o.s.c.n.e.s.EurekaAutoServiceRegistration - Updating port to 8091
2026-05-24 13:32:40 [main]  INFO z.p.e.m.c.CustomerMicroserviceApplication - Started CustomerMicroserviceApplication in 2.444 seconds (process running for 2.91)
2026-05-24 13:32:40 [DiscoveryClient-InstanceInfoReplicator-%d]  INFO c.netflix.discovery.DiscoveryClient - DiscoveryClient_CUSTOMER-MICROSERVICE/fedora:customer-microservice:8091 - registration status: 204
2026-05-24 13:33:10 [http-nio-8091-exec-1]  INFO o.a.c.c.C.[Tomcat].[localhost].[/] - Initializing Spring DispatcherServlet 'dispatcherServlet'
2026-05-24 13:33:10 [http-nio-8091-exec-1]  INFO o.s.web.servlet.DispatcherServlet - Initializing Servlet 'dispatcherServlet'
2026-05-24 13:33:10 [http-nio-8091-exec-1]  INFO o.s.web.servlet.DispatcherServlet - Completed initialization in 1 ms
2026-05-24 13:33:10 [DiscoveryClient-CacheRefreshExecutor-%d]  INFO c.netflix.discovery.DiscoveryClient - Disable delta property : false
2026-05-24 13:33:10 [DiscoveryClient-CacheRefreshExecutor-%d]  INFO c.netflix.discovery.DiscoveryClient - Single vip registry refresh property : null
2026-05-24 13:33:10 [DiscoveryClient-CacheRefreshExecutor-%d]  INFO c.netflix.discovery.DiscoveryClient - Force full registry fetch : false
2026-05-24 13:33:10 [DiscoveryClient-CacheRefreshExecutor-%d]  INFO c.netflix.discovery.DiscoveryClient - Application is null : false
2026-05-24 13:33:10 [DiscoveryClient-CacheRefreshExecutor-%d]  INFO c.netflix.discovery.DiscoveryClient - Registered Applications size is zero : true
2026-05-24 13:33:10 [DiscoveryClient-CacheRefreshExecutor-%d]  INFO c.netflix.discovery.DiscoveryClient - Application version is -1: false
2026-05-24 13:33:10 [DiscoveryClient-CacheRefreshExecutor-%d]  INFO c.netflix.discovery.DiscoveryClient - Getting all instance registry info from the eureka server
2026-05-24 13:33:10 [DiscoveryClient-CacheRefreshExecutor-%d]  INFO c.netflix.discovery.DiscoveryClient - The response status is 200
2026-05-24 13:33:32 [http-nio-8091-exec-3]  WARN z.p.e.m.c.e.CustomerExceptionHandler - Customer not found: CustomerNotFoundException(message=Customer with id 6a1325869330e95d782cb259s not found)
2026-05-24 13:35:08 [http-nio-8091-exec-6]  WARN z.p.e.m.c.GlobalExceptionHandler - Validation Error: org.springframework.web.bind.MethodArgumentNotValidException: Validation failed for argument [0] in public org.springframework.http.ResponseEntity<java.lang.String> zuzz.projects.e_commerce.microservices.customer_microservice.customer.CustomerController.createCustomer(zuzz.projects.e_commerce.microservices.customer_microservice.customer.CustomerRequest) with 2 errors: [Field error in object 'customerRequest' on field 'email': rejected value [jane.doeexample.com]; codes [Email.customerRequest.email,Email.email,Email.java.lang.String,Email]; arguments [org.springframework.context.support.DefaultMessageSourceResolvable: codes [customerRequest.email,email]; arguments []; default message [email],[Ljakarta.validation.constraints.Pattern$Flag;@3782bf60,.*]; default message [Email is not valid]] [Field error in object 'customerRequest' on field 'firstName': rejected value []; codes [NotBlank.customerRequest.firstName,NotBlank.firstName,NotBlank.java.lang.String,NotBlank]; arguments [org.springframework.context.support.DefaultMessageSourceResolvable: codes [customerRequest.firstName,firstName]; arguments []; default message [firstName]]; default message [First name cannot be blank]] 
2026-05-24 13:36:44 [cluster-ClusterId{value='6a134447c1f6fe9d797f79ad', description='null'}-localhost:27017]  INFO org.mongodb.driver.cluster - Exception in monitor thread while connecting to server localhost:27017
com.mongodb.MongoNodeIsRecoveringException: Command failed with error 11600 (InterruptedAtShutdown): 'interrupted at shutdown' on server localhost:27017. The full response is {"ok": 0.0, "errmsg": "interrupted at shutdown", "code": 11600, "codeName": "InterruptedAtShutdown"}
	at com.mongodb.internal.connection.ProtocolHelper.createSpecialException(ProtocolHelper.java:264)
	at com.mongodb.internal.connection.ProtocolHelper.getCommandFailureException(ProtocolHelper.java:206)
	at com.mongodb.internal.connection.InternalStreamConnection.receiveCommandMessageResponse(InternalStreamConnection.java:520)
	at com.mongodb.internal.connection.InternalStreamConnection.receive(InternalStreamConnection.java:469)
	at com.mongodb.internal.connection.DefaultServerMonitor$ServerMonitor.lookupServerDescription(DefaultServerMonitor.java:249)
	at com.mongodb.internal.connection.DefaultServerMonitor$ServerMonitor.run(DefaultServerMonitor.java:176)
2026-05-24 13:36:54 [cluster-ClusterId{value='6a134447c1f6fe9d797f79ad', description='null'}-localhost:27017]  INFO org.mongodb.driver.cluster - Exception in monitor thread while connecting to server localhost:27017
com.mongodb.MongoSocketOpenException: Exception opening socket
	at com.mongodb.internal.connection.SocketStream.lambda$open$0(SocketStream.java:85)
	at java.base/java.util.Optional.orElseThrow(Optional.java:403)
	at com.mongodb.internal.connection.SocketStream.open(SocketStream.java:85)
	at com.mongodb.internal.connection.InternalStreamConnection.open(InternalStreamConnection.java:233)
	at com.mongodb.internal.connection.DefaultServerMonitor$ServerMonitor.lookupServerDescription(DefaultServerMonitor.java:219)
	at com.mongodb.internal.connection.DefaultServerMonitor$ServerMonitor.run(DefaultServerMonitor.java:176)
Caused by: java.net.ConnectException: Conexión rehusada
	at java.base/sun.nio.ch.Net.pollConnect(Native Method)
	at java.base/sun.nio.ch.Net.pollConnectNow(Net.java:694)
	at java.base/sun.nio.ch.NioSocketImpl.timedFinishConnect(NioSocketImpl.java:542)
	at java.base/sun.nio.ch.NioSocketImpl.connect(NioSocketImpl.java:592)
	at java.base/java.net.SocksSocketImpl.connect(SocksSocketImpl.java:327)
	at java.base/java.net.Socket.connect(Socket.java:751)
	at com.mongodb.internal.connection.SocketStreamHelper.initialize(SocketStreamHelper.java:76)
	at com.mongodb.internal.connection.SocketStream.initializeSocket(SocketStream.java:104)
	at com.mongodb.internal.connection.SocketStream.open(SocketStream.java:79)
	... 3 common frames omitted
2026-05-24 13:36:56 [http-nio-8091-exec-7]  INFO org.mongodb.driver.cluster - Waiting for server to become available for operation with ID 59. Remaining time: 29998 ms. Selector: ReadPreferenceServerSelector{readPreference=primary}, topology description: {type=UNKNOWN, servers=[{address=localhost:27017, type=UNKNOWN, state=CONNECTING, exception={com.mongodb.MongoSocketOpenException: Exception opening socket}, caused by {java.net.ConnectException: Conexión rehusada}}].
2026-05-24 13:37:26 [http-nio-8091-exec-7] ERROR z.p.e.m.c.GlobalExceptionHandler - Error: org.springframework.dao.DataAccessResourceFailureException: Timed out while waiting for a server that matches ReadPreferenceServerSelector{readPreference=primary}. Client view of cluster state is {type=UNKNOWN, servers=[{address=localhost:27017, type=UNKNOWN, state=CONNECTING, exception={com.mongodb.MongoSocketOpenException: Exception opening socket}, caused by {java.net.ConnectException: Conexión rehusada}}]
2026-05-24 13:37:39 [http-nio-8091-exec-8]  INFO org.mongodb.driver.cluster - Waiting for server to become available for operation with ID 126. Remaining time: 29999 ms. Selector: ReadPreferenceServerSelector{readPreference=primary}, topology description: {type=UNKNOWN, servers=[{address=localhost:27017, type=UNKNOWN, state=CONNECTING, exception={com.mongodb.MongoSocketOpenException: Exception opening socket}, caused by {java.net.ConnectException: Conexión rehusada}}].
2026-05-24 13:37:39 [cluster-ClusterId{value='6a134447c1f6fe9d797f79ad', description='null'}-localhost:27017]  INFO org.mongodb.driver.cluster - Monitor thread successfully connected to server with description ServerDescription{address=localhost:27017, type=STANDALONE, cryptd=false, state=CONNECTED, ok=true, minWireVersion=0, maxWireVersion=21, maxDocumentSize=16777216, logicalSessionTimeoutMinutes=30, roundTripTimeNanos=1167352, minRoundTripTimeNanos=0}
2026-05-24 13:37:40 [AsyncResolver-bootstrap-executor-%d]  INFO c.n.d.s.r.aws.ConfigClusterResolver - Resolving eureka endpoints via configuration
2026-05-24 13:39:11 [SpringApplicationShutdownHook]  INFO o.s.c.n.e.s.EurekaServiceRegistry - Unregistering application CUSTOMER-MICROSERVICE with eureka with status DOWN
2026-05-24 13:39:11 [SpringApplicationShutdownHook]  INFO c.netflix.discovery.DiscoveryClient - Saw local status change event StatusChangeEvent [timestamp=1779647951403, current=DOWN, previous=UP]
2026-05-24 13:39:11 [DiscoveryClient-InstanceInfoReplicator-%d]  INFO c.netflix.discovery.DiscoveryClient - DiscoveryClient_CUSTOMER-MICROSERVICE/fedora:customer-microservice:8091: registering service...
2026-05-24 13:39:11 [SpringApplicationShutdownHook]  INFO o.s.b.w.e.tomcat.GracefulShutdown - Commencing graceful shutdown. Waiting for active requests to complete
2026-05-24 13:39:11 [tomcat-shutdown]  INFO o.s.b.w.e.tomcat.GracefulShutdown - Graceful shutdown complete
2026-05-24 13:39:11 [DiscoveryClient-InstanceInfoReplicator-%d]  INFO c.netflix.discovery.DiscoveryClient - DiscoveryClient_CUSTOMER-MICROSERVICE/fedora:customer-microservice:8091 - registration status: 204
2026-05-24 13:39:11 [SpringApplicationShutdownHook]  INFO c.netflix.discovery.DiscoveryClient - Shutting down DiscoveryClient ...
2026-05-24 13:39:14 [SpringApplicationShutdownHook]  INFO c.netflix.discovery.DiscoveryClient - Unregistering ...
2026-05-24 13:39:14 [SpringApplicationShutdownHook]  INFO c.netflix.discovery.DiscoveryClient - DiscoveryClient_CUSTOMER-MICROSERVICE/fedora:customer-microservice:8091 - deregister  status: 200
2026-05-24 13:39:14 [SpringApplicationShutdownHook]  INFO c.netflix.discovery.DiscoveryClient - Completed shut down of DiscoveryClient
